// Jest Snapshot v1, https://goo.gl/fbAQLP

exports[`TimelineView should return correct bounds 1`] = `
TimelineView {
  "bottom": 350,
  "height": 400,
  "left": 0,
  "margin": 50,
  "right": 250,
  "top": 0,
  "width": 300,
}
`;
