// Jest Snapshot v1, https://goo.gl/fbAQLP

exports[`View should return correct bounds 1`] = `
View {
  "bottom": 350,
  "height": 400,
  "left": 50,
  "margin": 50,
  "right": 250,
  "top": 50,
  "width": 300,
}
`;
